src/controllers/taskController.ts(9,35): error TS2769: No overload matches this call.
  Overload 1 of 4, '(filter?: _QueryFilter<{ set: { <T extends string | number | symbol>(path: T, val: any, type: any, options?: DocumentSetOptions | undefined): ITask; (path: string | Record<string, any>, val: any, type: any, options?: DocumentSetOptions | undefined): ITask; (path: string | Record<...>, val: any, options?: DocumentSetOptions | undefined): ITask; (value: string | Record<...>): ITask; }; ... 248 more ...; "user.validateAll": (validators: (RegExp | ... 1 more ... | ValidatorFunction<...>)[]) => ObjectId; }> | undefined, projection?: ProjectionType<...> | ... 1 more ... | undefined, options?: (QueryOptions<...> & Abortable) | undefined): Query<...>', gave the following error.
    Type 'ObjectId' is not assignable to type 'Condition<ApplyBasicQueryCasting<ObjectId>> | undefined'.
      Type 'ObjectId' is not assignable to type 'FilterOperators<ObjectId | ObjectId[] | null>'.
        Types of property 'id' are incompatible.
          Type 'Uint8Array<ArrayBufferLike>' is not assignable to type 'undefined'.
  Overload 2 of 4, '(filter?: Query<any, any, {}, unknown, "find", Record<string, never>> | undefined, projection?: ProjectionType<ITask> | null | undefined, options?: (QueryOptions<...> & Abortable) | undefined): Query<...>', gave the following error.
    Object literal may only specify known properties, and 'user' does not exist in type 'Query<any, any, {}, unknown, "find", Record<string, never>>'.
