Connecting to DB...
Connected to DB
Attempting to create user with email: test_1770048887289@example.com
User instance created. Saving...
User saved successfully
Test user deleted
Testing findOne...
findOne result: null
